
> communitree@0.1.0 test
> react-scripts test --watchAll=false App.test.tsx --watchAll=false

  console.error
    Warning: `ReactDOMTestUtils.act` is deprecated in favor of `React.act`. Import `act` from `react` instead of `react-dom/test-utils`. See https://react.dev/warnings/react-dom-test-utils for more info.

    [0m [90m 4 |[39m
     [90m 5 |[39m test([32m'renders CommuniTree title'[39m[33m,[39m () [33m=>[39m {
    [31m[1m>[22m[39m[90m 6 |[39m   render([33m<[39m[33mApp[39m [33m/[39m[33m>[39m)[33m;[39m
     [90m   |[39m         [31m[1m^[22m[39m
     [90m 7 |[39m   [36mconst[39m titleElement [33m=[39m screen[33m.[39mgetByText([35m/CommuniTree/i[39m)[33m;[39m
     [90m 8 |[39m   expect(titleElement)[33m.[39mtoBeInTheDocument()[33m;[39m
     [90m 9 |[39m })[33m;[39m[0m

      at printWarning (node_modules/react-dom/cjs/react-dom-test-utils.development.js:71:30)
      at error (node_modules/react-dom/cjs/react-dom-test-utils.development.js:45:7)
      at actWithWarning (node_modules/react-dom/cjs/react-dom-test-utils.development.js:1736:7)
      at node_modules/@testing-library/react/dist/act-compat.js:63:25
      at renderRoot (node_modules/@testing-library/react/dist/pure.js:159:26)
      at render (node_modules/@testing-library/react/dist/pure.js:246:10)
      at Object.<anonymous> (src/App.test.tsx:6:9)
      at TestScheduler.scheduleTests (node_modules/@jest/core/build/TestScheduler.js:333:13)
      at runJest (node_modules/@jest/core/build/runJest.js:404:19)
      at _run10000 (node_modules/@jest/core/build/cli/index.js:320:7)
      at runCLI (node_modules/@jest/core/build/cli/index.js:173:3)

node.exe : FAIL 
src/App.test.tsx 
(6.219 s)
At line:1 char:1
+ & "C:\Program Files
\nodejs/node.exe" 
"C:\Program 
Files\nodejs/node_mo 
...
+ ~~~~~~~~~~~~~~~~~~~
~~~~~~~~~~~~~~~~~~~~~
~~~~~~~~~~~~~~~~~~~~~
~~~~~~~~
    + CategoryInfo   
           : 
NotSpecified: (F    
AIL src/App.test.tsx 
    (6.219 
s):String) [],     
RemoteException
    + 
FullyQualifiedError  
  Id : 
NativeCommandErr    
or
 
  ├ù renders 
CommuniTree title 
(355 ms)

  ΓùÅ renders 
CommuniTree title

    TestingLibraryEle
mentError: Found 
multiple elements 
with the text: 
/CommuniTree/i

    Here are the 
matching elements:

    Ignored nodes: 
comments, script, 
style
    [36m<h1[39m
      [33mclass[39m
=[32m"text-3xl 
font-bold 
text-gray-900 
mb-2"[39m
    [36m>[39m
      
[0mCommuniTree[0m
    [36m</h1>[39m

    Ignored nodes: 
comments, script, 
style
    [36m<h2[39m
      [33mclass[39m
=[32m"text-3xl 
font-bold 
text-gray-900 
mb-3"[39m
    [36m>[39m
      [0mWelcome to 
CommuniTree[0m
    [36m</h2>[39m

    (If this is 
intentional, then 
use the `*AllBy*` 
variant of the query 
(like 
`queryAllByText`, 
`getAllByText`, or 
`findAllByText`)).

    Ignored nodes: 
comments, script, 
style
    [36m<body>[39m
      [36m<div>[39m
        
[36m<div[39m
          [33mclass
[39m=[32m"min-h-scre
en bg-gradient-to-br 
from-emerald-50 
to-amber-50 flex 
items-center 
justify-center 
p-4"[39m
        [36m>[39m
          
[36m<div[39m
            [33mclas
s[39m=[32m"w-full 
max-w-4xl"[39m
          [36m>[39m
            
[36m<div[39m
              [33mcl
ass[39m=[32m"text-c
enter mb-8"[39m
            
[36m>[39m
              
[36m<div[39m
                [33m
class[39m=[32m"inli
ne-flex items-center 
justify-center w-16 
h-16 bg-emerald-600 
rounded-full 
mb-4"[39m
              
[36m>[39m
                
[36m<span[39m
                  [3
3mclass[39m=[32m"te
xt-2xl font-bold 
text-white"[39m
                
[36m>[39m
                  
[0mCT[0m
                
[36m</span>[39m
              
[36m</div>[39m
              
[36m<h1[39m
                [33m
class[39m=[32m"text
-3xl font-bold 
text-gray-900 
mb-2"[39m
              
[36m>[39m
                
[0mCommuniTree[0m
              
[36m</h1>[39m
              
[36m<p[39m
                [33m
class[39m=[32m"text
-gray-600"[39m
              
[36m>[39m
                
[0mConnect. 
Contribute. Grow.[0m
              
[36m</p>[39m
            
[36m</div>[39m
            
[36m<div[39m
              [33mcl
ass[39m=[32m"flex 
justify-center"[39m
            
[36m>[39m
              
[36m<div[39m
                [33m
class[39m=[32m"max-
w-2xl mx-auto 
bg-white rounded-lg 
shadow-lg p-8"[39m
              
[36m>[39m
                
[36m<div[39m
                  [3
3mclass[39m=[32m"te
xt-center mb-8"[39m
                
[36m>[39m
                  
[36m<h2[39m
                    
[33mclass[39m=[32m"
text-3xl font-bold 
text-gray-900 
mb-3"[39m
                  
[36m>[39m
                    
[0mWelcome to 
CommuniTree[0m
                  
[36m</h2>[39m
                  
[36m<p[39m
                    
[33mclass[39m=[32m"
text-gray-600 
text-lg"[39m
                  
[36m>[39m
                    
[0mLet's get 
started! Are you 
joining as an 
individual or 
representing an 
NGO?[0m
                  
[36m</p>[39m
                
[36m</div>[39m
                
[36m<div[39m
                  [3
3mclass[39m=[32m"gr
id grid-cols-1 
md:grid-cols-2 
gap-6"[39m
                
[36m>[39m
                  
[36m<button[39m
                    
[33mclass[39m=[32m"
group relative 
bg-gradient-to-br 
from-emerald-50 
to-emerald-100 hover:
from-emerald-100 
hover:to-emerald-200 
border-2 
border-emerald-200 ho
ver:border-emerald-40
0 rounded-xl p-8 
transition-all 
duration-300 
hover:shadow-xl 
hover:scale-105 
focus:outline-none 
focus:ring-4 focus:ri
ng-emerald-300"[39m
                  
[36m>[39m
                    
[36m<div[39m
                     
 [33mclass[39m=[32
m"flex flex-col 
items-center 
text-center 
space-y-4"[39m
                    
[36m>[39m
                     
 [36m<div[39m
                     
   [33mclass[39m=[
32m"w-20 h-20 
bg-emerald-600 
rounded-full flex 
items-center 
justify-center group-
hover:bg-emerald-700 
transition-colors"[3
9m
                     
 [36m>[39m
                     
   [36m<svg[39m
                     
     [33mclass[39m=
[32m"lucide 
lucide-user w-10 
h-10 text-white"[39m
                     
     [33mfill[39m=
[32m"none"[39m
                     
     [33mheight[39m
=[32m"24"[39m
                     
     [33mstroke[39m
=[32m"currentColor"
[39m
                     
     [33mstroke-line
cap[39m=[32m"round"
[39m
                     
     [33mstroke-line
join[39m=[32m"round
"[39m
                     
     [33mstroke-widt
h[39m=[32m"2"[39m
                     
     [33mviewBox[39
m=[32m"0 0 24 
24"[39m
                     
     [33mwidth[39m=
[32m"24"[39m
                     
     [33mxmlns[39m=
[32m"http://www.w3.o
rg/2000/svg"[39m
                     
   [36m>[39m
                     
     [36m<path[39m
                     
       [33md[39m=[
32m"M19 21v-2a4 4 0 
0 0-4-4H9a4 4 0 0 
0-4 4v2"[39m
                     
     [36m/>[39m
                     
     
[36m<circle[39m
                     
       [33mcx[39m=
[32m"12"[39m
                     
       [33mcy[39m=
[32m"7"[39m
                     
       [33mr[39m=[
32m"4"[39m
                     
     [36m/>[39m
                     
   [36m</svg>[39m
                     
 [36m</div>[39m
                     
 [36m<div>[39m
                     
   [36m<h3[39m
                     
     [33mclass[39m=
[32m"text-2xl 
font-bold 
text-gray-900 
mb-2"[39m
                     
   [36m>[39m
                     
     [0mSolo 
User[0m
                     
   [36m</h3>[39m
                     
   [36m<p[39m
                     
     [33mclass[39m=
[32m"text-gray-700 
leading-relaxed"[39m
                     
   [36m>[39m
                     
     [0mI'm an 
individual looking 
to volunteer with 
NGOs or join local 
events[0m
                     
   [36m</p>[39m
                     
 [36m</div>[39m
                     
 [36m<div[39m
                     
   [33mclass[39m=[
32m"flex 
items-center 
space-x-2 
text-emerald-700 
font-medium"[39m
                     
 [36m>[39m
                     
   [36m<svg[39m
                     
     [33mclass[39m=
[32m"lucide 
lucide-heart w-5 
h-5"[39m
                     
     [33mfill[39m=
[32m"none"[39m
                     
     [33mheight[39m
=[32m"24"[39m
                     
     [33mstroke[39m
=[32m"currentColor"
[39m
                     
     [33mstroke-line
cap[39m=[32m"round"
[39m
                     
     [33mstroke-line
join[39m=[32m"round
"[39m
                     
     [33mstroke-widt
h[39m=[32m"2"[39m
                     
     [33mviewBox[39
m=[32m"0 0 24 
24"[39m
                     
     [33mwidth[39m=
[32m"24"[39m
                     
     [33mxmlns[39m=
[32m"http://www.w3.o
rg/2000/svg"[39m
                     
   [36m>[39m
                     
     [36m<path[39m
                     
       [33md[39m=[
32m"M19 14c1.49-1.46 
3-3.21 3-5.5A5.5 5.5 
0 0 0 16.5 3c-1.76 
0-3 .5-4.5 2-1.5-1.5-
2.74-2-4.5-2A5.5 5.5 
0 0 0 2 8.5c0 2.3 
1.5 4.05 3 5.5l7 
7Z"[39m
                     
     [36m/>[39m
                     
   [36m</svg>[39m
                     
   [36m<span>[39m
                     
     [0mJoin as 
Volunteer[0m
                     
   [36m</span>[39m
                     
 [36m</div>[39m
                    
[36m</div>[39m
                    
[36m<div[39m
                     
 [33mclass[39m=[32
m"absolute top-4 
right-4 opacity-0 gro
up-hover:opacity-100 
transition-opacity"[
39m
                    
[36m>[39m
                     
 [36m<div[39m
                     
   [33mclass[39m=[
32m"w-8 h-8 
bg-emerald-600 
rounded-full flex 
items-center 
justify-center"[39m
                     
 [36m>[39m
                     
   [36m<span[39m
                     
     [33mclass[39m=
[32m"text-white 
text-xl"[39m
                     
   [36m>[39m
                     
     [0mΓåÆ[0m
                     
   [36m</span>[39m
                     
 [36m</div>[39m
                    
[36m</div>[39m
                  
[36m</button>[39m
                  
[36m<button[39m
                    
[33mclass[39m=[32m"
group relative 
bg-gradient-to-br 
from-amber-50 
to-amber-100 
hover:from-amber-100 
hover:to-amber-200 
border-2 
border-amber-200 hove
r:border-amber-400 
rounded-xl p-8 
transition-all 
duration-300 
hover:shadow-xl 
hover:scale-105 
focus:outline-none 
focus:ring-4 focus:ri
ng-amber-300"[39m
                  
[36m>[39m
                    
[36m<div[39m
                     
 [33mclass[39m=[32
m"flex flex-col 
items-center 
text-center 
space-y-4"[39m
                    
[36m>[39m
                     
 [36m<div[39m
                     
   [33mclass[39m=[
32m"w-20 h-20 
bg-amber-600 
rounded-full flex 
items-center 
justify-center group-
hover:bg-amber-700 tr
ansition-colors"[39m
                     
 [36m>[39m
                     
   [36m<svg[39m
                     
     [33mclass[39m=
[32m"lucide 
lucide-building2 
w-10 h-10 
text-white"[39m
                     
     [33mfill[39m=
[32m"none"[39m
                     
     [33mheight[39m
=[32m"24"[39m
                     
     [33mstroke[39m
=[32m"currentColor"
[39m
                     
     [33mstroke-line
cap[39m=[32m"round"
[39m
                     
     [33mstroke-line
join[39m=[32m"round
"[39m
                     
     [33mstroke-widt
h[39m=[32m"2"[39m
                     
     [33mviewBox[39
m=[32m"0 0 24 
24"[39m
                     
     [33mwidth[39m=
[32m"24"[39m
                     
     [33mxmlns[39m=
[32m"http://www.w3.o
rg/2000/svg"[39m
                     
   [36m>[39m
                     
     [36m<path[39m
                     
       
[33md[39m=[32m"M6 
22V4a2 2 0 0 1 
2-2h8a2 2 0 0 1 2 
2v18Z"[39m
                     
     [36m/>[39m
                     
     [36m<path[39m
                     
       
[33md[39m=[32m"M6 
12H4a2 2 0 0 0-2 
2v6a2 2 0 0 0 2 
2h2"[39m
                     
     [36m/>[39m
                     
     [36m<path[39m
                     
       [33md[39m=[
32m"M18 9h2a2 2 0 0 
1 2 2v9a2 2 0 0 1-2 
2h-2"[39m
                     
     [36m/>[39m
                     
     [36m<path[39m
                     
       [33md[39m=[
32m"M10 6h4"[39m
                     
     [36m/>[39m
                     
     [36m<path[39m
                     
       [33md[39m=[
32m"M10 10h4"[39m
                     
     [36m/>[39m
                     
     [36m<path[39m
                     
       [33md[39m=[
32m"M10 14h4"[39m
                     
     [36m/>[39m
                     
     [36m<path[39m
                     
       [33md[39m=[
32m"M10 18h4"[39m
                     
     [36m/>[39m
                     
   [36m</svg>[39m
                     
 [36m</div>[39m
                     
 [36m<div>[39m
                     
   [36m<h3[39m
                     
     [33mclass[39m=
[32m"text-2xl 
font-bold 
text-gray-900 
mb-2"[39m
                     
   [36m>[39m
                     
     [0mNGO[0m
                     
   [36m</h3>[39m
                     
   [36m<p[39m
                     
     [33mclass[39m=
[32m"text-gray-700 
leading-relaxed"[39m
                     
   [36m>[39m
                     
     [0mI represent 
an organization 
seeking volunteers 
for community 
projects[0m
                     
   [36m</p>[39m
                     
 [36m</div>[39m
                     
 [36m<div[39m
                     
   [33mclass[39m=[
32m"flex 
items-center 
space-x-2 
text-amber-700 
font-medium"[39m
                     
 [36m>[39m
                     
   [36m<svg[39m
                     
     [33mclass[39m=
[32m"lucide 
lucide-users w-5 
h-5"[39m
                     
     [33mfill[39m=
[32m"none"[39m
                     
     [33mheight[39m
=[32m"24"[39m
                     
     [33mstroke[39m
=[32m"currentColor"
[39m
                     
     [33mstroke-line
cap[39m=[32m"round"
[39m
                     
     [33mstroke-line
join[39m=[32m"round
"[39m
                     
     [33mstroke-widt
h[39m=[32m"2"[39m
                     
     [33mviewBox[39
m=[32m"0 0 24 
24"[39m
                     
     [33mwidth[39m=
[32m"24"[39m
                     
     [33mxmlns[39m=
[32m"http://www.w3.o
rg/2000/svg"[39m
                     
   [36m>[39m
                     
     [36m<path[39m
                     
       [33md[39m=[
32m"M16 21v-2a4 4 0 
0 0-4-4H6a4 4 0 0 
0-4 4v2"[39m
                     
     [36m/>[39m
                     
     
[36m<circle[39m
                     
       [33mcx[39m=
[32m"9"[39m
                     
       [33mcy[39m=
[32m"7"[39m
                     
       [33mr[39m=[
32m"4"[39m
                     
     [36m/>[39m
                     
     [36m<path[39m
                     
       [33md[39m=[
32m"M22 21v-2a4 4 0 
0 0-3-3.87"[39m
                     
     [36m/>[39m
                     
     [36m<path[39m
                     
       [33md[39m=[
32m"M16 3.13a4 4 0 0 
1 0 7.75"[39m
                     
     [36m/>[39m
                     
   [36m</svg>[39m
                     
   [36m<span>[39m
                     
     [0mJoin as 
Organization[0m
                     
   [36m</span>[39m
                     
 [36m</div>[39m
                    
[36m</div>[39m
                    
[36m<div[39m
                     
 [33mclass[39m=[32
m"absolute top-4 
right-4 opacity-0 gro
up-hover:opacity-100 
transition-opacity"[
39m
                    
[36m>[39m
                     
 [36m<div[39m
                     
   [33mclass[39m=[
32m"w-8 h-8 
bg-amber-600 
rounded-full flex 
items-center 
justify-center"[39m
                     
 [36m>[39m
                     
   [36m<span[39m
                     
     [33mclass[39m=
[32m"text-white 
text-xl"[39m
                     
   [36m>[39m
                     
     [0mΓåÆ[0m
                     
   [36m</span>[39m
                     
 [36m</div>[39m
                    
[36m</div>[39m
                  
[36m</button>[39m
                
[36m</div>[39m
                
[36m<div[39m
                  [3
3mclass[39m=[32m"mt
-8 p-4 bg-gray-50 
rounded-lg border 
border-gray-200"[39m
                
[36m>[39m
                  
[36m<div[39m
                    
[33mclass[39m=[32m"
flex items-start 
space-x-3"[39m
                  
[36m>[39m
                    
[36m<div[39m
                     
 [33mclass[39m=[32
m"flex-shrink-0"[39m
                    
[36m>[39m
                     
 [36m<div[39m
                     
   [33mclass[39m=[
32m"w-6 h-6 
bg-blue-100 
rounded-full flex 
items-center 
justify-center"[39m
                     
 [36m>[39m
                     
   [36m<span[39m
                     
     [33mclass[39m=
[32m"text-blue-600 
text-sm 
font-bold"[39m
                     
   [36m>[39m
                     
     [0mi[0m
                     
   [36m</span>[39m
                     
 [36m</div>[39m
                    
[36m</div>[39m
                    
[36m<div[39m
                     
 [33mclass[39m=[32
m"flex-1"[39m
                    
[36m>[39m
                     
 [36m<p[39m
                     
   [33mclass[39m=[
32m"text-sm 
text-gray-700"[39m
                     
 [36m>[39m
                     
   [36m<strong>[39m
                     
     [0mSolo 
Users[0m
                     
   
[36m</strong>[39m
                     
   [0m can 
volunteer with NGOs 
and attend local 
events.[0m
                     
   [36m<br />[39m
                     
   [36m<strong>[39m
                     
     [0mNGOs[0m
                     
   
[36m</strong>[39m
                     
   [0m can post 
volunteer 
opportunities and 
manage community 
projects.[0m
                     
 [36m</p>[39m
                    
[36m</div>[39m
                  
[36m</div>[39m
                
[36m</div>[39m
              
[36m</div>[39m
            
[36m</div>[39m
            
[36m<div[39m
              [33mcl
ass[39m=[32m"text-c
enter mt-8"[39m
            
[36m>[39m
              
[36m<p[39m
                [33m
class[39m=[32m"text
-xs 
text-gray-500"[39m
              
[36m>[39m
                
[0mBy continuing, 
you agree to our 
Terms of Service and 
Privacy Policy[0m
              
[36m</p>[39m
            
[36m</div>[39m
          
[36m</div>[39m
        
[36m</div>[39m
      
[36m</div>[39m
    [36m</body>[39m

    [0m [90m 5 
|[39m 
test([32m'renders 
CommuniTree title'[3
9m[33m,[39m () 
[33m=>[39m {
     [90m 6 |[39m  
 render([33m<[39m[
33mApp[39m [33m/[3
9m[33m>[39m)[33m;
[39m
    [31m[1m>[22m[
39m[90m 7 |[39m   
[36mconst[39m 
titleElement 
[33m=[39m screen[3
3m.[39mgetByText([3
5m/CommuniTree/i[39m
)[33m;[39m
     [90m   |[39m  
                     
        
[31m[1m^[22m[39m
     [90m 8 |[39m  
 expect(titleElement)
[33m.[39mtoBeInTheD
ocument()[33m;[39m
     [90m 9 |[39m 
})[33m;[39m[0m

      at Object.getEl
ementError (node_modu
les/@testing-library/
react/node_modules/@t
esting-library/dom/di
st/config.js:37:19)
      at 
getElementError (node
_modules/@testing-lib
rary/react/node_modul
es/@testing-library/d
om/dist/query-helpers
.js:20:35)
      at getMultipleE
lementsFoundError (no
de_modules/@testing-l
ibrary/react/node_mod
ules/@testing-library
/dom/dist/query-helpe
rs.js:23:10)
      at node_modules
/@testing-library/rea
ct/node_modules/@test
ing-library/dom/dist/
query-helpers.js:55:1
3
      at getByText (n
ode_modules/@testing-
library/react/node_mo
dules/@testing-librar
y/dom/dist/query-help
ers.js:95:19)
      at 
Object.<anonymous> (s
rc/App.test.tsx:7:31)
      at TestSchedule
r.scheduleTests (node
_modules/@jest/core/b
uild/TestScheduler.js
:333:13)
      at runJest (nod
e_modules/@jest/core/
build/runJest.js:404:
19)
      at _run10000 (n
ode_modules/@jest/cor
e/build/cli/index.js:
320:7)
      at runCLI (node
_modules/@jest/core/b
uild/cli/index.js:173
:3)

Test Suites: 1 
failed, 1 total
Tests:       1 
failed, 1 total
Snapshots:   0 total
Time:        7.35 s
Ran all test suites 
matching 
/App.test.tsx/i.
